<del>strikethrough content</del>

<p>~ </p>
<p>* </p>
