<!DOCTYPE html>
<html>
  <head>
    <meta charset="UTF-8" />

    <title>Page Title</title>
  </head>
  <body>
    <h4>Heading A</h4>

    <link href="/one.css" rel="stylesheet" />
    <link href="/two.css" rel="stylesheet" />

    <h4>Heading B</h4>

    <hr />

    <p>\a \* \\</p>

    <p>
      <span> .&lt;name&gt; </span>
      <span> .< name >. </span>
      <span> <</span><span>name</span><span>> </span>
    </p>
    <p>
      2 > 1 <br/>
      1 < 2 <br/>

      A & B <br/>
      A &amp; B <br/>
      &amp;ouml;
    </p>

    <p>
      *not emphasized* <br/>
      &lt;br/&gt; not a tag <br/>
      [not a link](/foo) <br/>
      `not code` <br/>
      1. not a list <br/>
      * not a list <br/>
      # not a heading <br/>
      [foo]: /url &quot;not a reference&quot; <br/>
      &amp;ouml; not a character entity
    </p>


    <p>
      Start Line
      <br /><br /><br />
      <span> </span>
      <br /><br /><br />
      End Line
    </p>
  </body>
</html>
